// Jest Snapshot v1, https://goo.gl/fbAQLP

exports[`domain/reservation/modal/ReservationCancelNotAllowed renders correctly 1`] = `
<Modal
  animation={true}
  autoFocus={true}
  backdrop={true}
  bsClass="modal"
  dialogComponentClass={[Function]}
  enforceFocus={true}
  keyboard={true}
  manager={
    ModalManager {
      "add": [Function],
      "containers": Array [],
      "data": Array [],
      "handleContainerOverflow": true,
      "hideSiblingNodes": true,
      "isTopModal": [Function],
      "modals": Array [],
      "remove": [Function],
    }
  }
  onHide={[Function]}
  renderBackdrop={[Function]}
  restoreFocus={true}
  show={true}
>
  <ModalHeader
    bsClass="modal-header"
    closeButton={false}
    closeLabel="Close"
  >
    <ModalTitle
      bsClass="modal-title"
      componentClass="h4"
    >
      ReservationCancelModal.cancelNotAllowedTitle
    </ModalTitle>
  </ModalHeader>
  <ModalBody
    bsClass="modal-body"
    componentClass="div"
  >
    <div>
      <p>
        ReservationCancelModal.cancelNotAllowedInfoOnlinePayment.1
      </p>
      <p>
        ReservationCancelModal.cancelNotAllowedInfoOnlinePayment.2
      </p>
      <p />
    </div>
  </ModalBody>
  <ModalFooter
    bsClass="modal-footer"
    componentClass="div"
  >
    <Button
      active={false}
      block={false}
      bsClass="btn"
      bsStyle="default"
      disabled={false}
      onClick={[Function]}
    >
      common.back
    </Button>
  </ModalFooter>
</Modal>
`;
