// Jest Snapshot v1, https://goo.gl/fbAQLP

exports[`ReservationMetadata render normally 1`] = `
<div
  className="app-ReservationMetadata"
/>
`;
