// Jest Snapshot v1, https://goo.gl/fbAQLP

exports[`ManageReservationsPage renders correctly 1`] = `
<div
  className="app-ManageReservationsPage"
>
  <div
    className="app-ManageReservationsPage__list"
  >
    <PageWrapper
      title="ManageReservationsPage.title"
    >
      <Component
        component="div"
        loaded={true}
        loadedClassName="loadedContent"
        parentClassName="loader"
      >
        <InjectIntl(InjectT(ManageReservationsList))
          reservations={Array []}
          units={Array []}
        />
      </Component>
      <InjectT(Pagination)
        onChange={[Function]}
        page={1}
        pages={0}
      />
    </PageWrapper>
  </div>
</div>
`;
